################################################################################
#                                                                              #
#      IAR Universal Linker V5.4.1.30                                          #
#                                                                              #
#           Link time     =  03/Apr/2014  10:45:56                             #
#           Target CPU    =  x51                                               #
#           List file     =  D:\myWork\myWork\examples\wsn2530dk\myProject\coo #
#                            rd\List\sen_tran.map                              #
#           Output file 1 =  D:\myWork\myWork\examples\wsn2530dk\myProject\coo #
#                            rd\Exe\sen_tran.d51                               #
#                            Format: debug                                     #
#                            UBROF version 10.0.6                              #
#                            Using library modules for C-SPY (-rt)             #
#           Command line  =  "-ID:\Program Files (x86)\IAR Systems\Embedded Wo #
#                            rkbench 6.4\8051\CONFIG\"                         #
#                            -D_NR_OF_BANKS=0x07 -D_CODEBANK_END=0xFFFF        #
#                            -D_CODEBANK_START=0x8000 -D?CBANK_MASK=0xFF       #
#                            -D?CBANK=0x9F                                     #
#                            D:\myWork\myWork\examples\wsn2530dk\myProject\coo #
#                            rd\Obj\adc-sensor.r51                             #
#                            D:\myWork\myWork\examples\wsn2530dk\myProject\coo #
#                            rd\Obj\autostart.r51                              #
#                            D:\myWork\myWork\examples\wsn2530dk\myProject\coo #
#                            rd\Obj\button-sensor.r51                          #
#                            D:\myWork\myWork\examples\wsn2530dk\myProject\coo #
#                            rd\Obj\cc2530-rf.r51                              #
#                            D:\myWork\myWork\examples\wsn2530dk\myProject\coo #
#                            rd\Obj\checkpoint.r51                             #
#                            D:\myWork\myWork\examples\wsn2530dk\myProject\coo #
#                            rd\Obj\clock.r51                                  #
#                            D:\myWork\myWork\examples\wsn2530dk\myProject\coo #
#                            rd\Obj\contikimac.r51                             #
#                            D:\myWork\myWork\examples\wsn2530dk\myProject\coo #
#                            rd\Obj\coord.r51                                  #
#                            D:\myWork\myWork\examples\wsn2530dk\myProject\coo #
#                            rd\Obj\csma.r51                                   #
#                            D:\myWork\myWork\examples\wsn2530dk\myProject\coo #
#                            rd\Obj\ctimer.r51                                 #
#                            D:\myWork\myWork\examples\wsn2530dk\myProject\coo #
#                            rd\Obj\dataformat.r51                             #
#                            D:\myWork\myWork\examples\wsn2530dk\myProject\coo #
#                            rd\Obj\debug.r51                                  #
#                            D:\myWork\myWork\examples\wsn2530dk\myProject\coo #
#                            rd\Obj\dma.r51                                    #
#                            D:\myWork\myWork\examples\wsn2530dk\myProject\coo #
#                            rd\Obj\dma_intr.r51                               #
#                            D:\myWork\myWork\examples\wsn2530dk\myProject\coo #
#                            rd\Obj\energest.r51                               #
#                            D:\myWork\myWork\examples\wsn2530dk\myProject\coo #
#                            rd\Obj\etimer.r51                                 #
#                            D:\myWork\myWork\examples\wsn2530dk\myProject\coo #
#                            rd\Obj\frame802154.r51                            #
#                            D:\myWork\myWork\examples\wsn2530dk\myProject\coo #
#                            rd\Obj\framer-802154.r51                          #
#                            D:\myWork\myWork\examples\wsn2530dk\myProject\coo #
#                            rd\Obj\leds-arch.r51                              #
#                            D:\myWork\myWork\examples\wsn2530dk\myProject\coo #
#                            rd\Obj\leds.r51                                   #
#                            D:\myWork\myWork\examples\wsn2530dk\myProject\coo #
#                            rd\Obj\list.r51                                   #
#                            D:\myWork\myWork\examples\wsn2530dk\myProject\coo #
#                            rd\Obj\mac.r51                                    #
#                            D:\myWork\myWork\examples\wsn2530dk\myProject\coo #
#                            rd\Obj\main-coord.r51                             #
#                            D:\myWork\myWork\examples\wsn2530dk\myProject\coo #
#                            rd\Obj\memb.r51                                   #
#                            D:\myWork\myWork\examples\wsn2530dk\myProject\coo #
#                            rd\Obj\mt.r51                                     #
#                            D:\myWork\myWork\examples\wsn2530dk\myProject\coo #
#                            rd\Obj\nbr-table.r51                              #
#                            D:\myWork\myWork\examples\wsn2530dk\myProject\coo #
#                            rd\Obj\netstack.r51                               #
#                            D:\myWork\myWork\examples\wsn2530dk\myProject\coo #
#                            rd\Obj\nullrdc.r51                                #
#                            D:\myWork\myWork\examples\wsn2530dk\myProject\coo #
#                            rd\Obj\packetbuf.r51                              #
#                            D:\myWork\myWork\examples\wsn2530dk\myProject\coo #
#                            rd\Obj\packetqueue.r51                            #
#                            D:\myWork\myWork\examples\wsn2530dk\myProject\coo #
#                            rd\Obj\phase.r51                                  #
#                            D:\myWork\myWork\examples\wsn2530dk\myProject\coo #
#                            rd\Obj\port2-intr.r51                             #
#                            D:\myWork\myWork\examples\wsn2530dk\myProject\coo #
#                            rd\Obj\port2.r51                                  #
#                            D:\myWork\myWork\examples\wsn2530dk\myProject\coo #
#                            rd\Obj\print-stats.r51                            #
#                            D:\myWork\myWork\examples\wsn2530dk\myProject\coo #
#                            rd\Obj\process.r51                                #
#                            D:\myWork\myWork\examples\wsn2530dk\myProject\coo #
#                            rd\Obj\procinit.r51                               #
#                            D:\myWork\myWork\examples\wsn2530dk\myProject\coo #
#                            rd\Obj\psock.r51                                  #
#                            D:\myWork\myWork\examples\wsn2530dk\myProject\coo #
#                            rd\Obj\putchar.r51                                #
#                            D:\myWork\myWork\examples\wsn2530dk\myProject\coo #
#                            rd\Obj\queuebuf.r51                               #
#                            D:\myWork\myWork\examples\wsn2530dk\myProject\coo #
#                            rd\Obj\random.r51                                 #
#                            D:\myWork\myWork\examples\wsn2530dk\myProject\coo #
#                            rd\Obj\rimeaddr.r51                               #
#                            D:\myWork\myWork\examples\wsn2530dk\myProject\coo #
#                            rd\Obj\rimestats.r51                              #
#                            D:\myWork\myWork\examples\wsn2530dk\myProject\coo #
#                            rd\Obj\ringbuf.r51                                #
#                            D:\myWork\myWork\examples\wsn2530dk\myProject\coo #
#                            rd\Obj\rpl-dag.r51                                #
#                            D:\myWork\myWork\examples\wsn2530dk\myProject\coo #
#                            rd\Obj\rpl-ext-header.r51                         #
#                            D:\myWork\myWork\examples\wsn2530dk\myProject\coo #
#                            rd\Obj\rpl-icmp6.r51                              #
#                            D:\myWork\myWork\examples\wsn2530dk\myProject\coo #
#                            rd\Obj\rpl-mrhof.r51                              #
#                            D:\myWork\myWork\examples\wsn2530dk\myProject\coo #
#                            rd\Obj\rpl-of0.r51                                #
#                            D:\myWork\myWork\examples\wsn2530dk\myProject\coo #
#                            rd\Obj\rpl-timers.r51                             #
#                            D:\myWork\myWork\examples\wsn2530dk\myProject\coo #
#                            rd\Obj\rpl.r51                                    #
#                            D:\myWork\myWork\examples\wsn2530dk\myProject\coo #
#                            rd\Obj\rtimer-arch.r51                            #
#                            D:\myWork\myWork\examples\wsn2530dk\myProject\coo #
#                            rd\Obj\rtimer.r51                                 #
#                            D:\myWork\myWork\examples\wsn2530dk\myProject\coo #
#                            rd\Obj\sensors.r51                                #
#                            D:\myWork\myWork\examples\wsn2530dk\myProject\coo #
#                            rd\Obj\serial-line.r51                            #
#                            D:\myWork\myWork\examples\wsn2530dk\myProject\coo #
#                            rd\Obj\sicslowpan.r51                             #
#                            D:\myWork\myWork\examples\wsn2530dk\myProject\coo #
#                            rd\Obj\simple-udp.r51                             #
#                            D:\myWork\myWork\examples\wsn2530dk\myProject\coo #
#                            rd\Obj\slip-arch.r51                              #
#                            D:\myWork\myWork\examples\wsn2530dk\myProject\coo #
#                            rd\Obj\slip.r51                                   #
#                            D:\myWork\myWork\examples\wsn2530dk\myProject\coo #
#                            rd\Obj\slipdev.r51                                #
#                            D:\myWork\myWork\examples\wsn2530dk\myProject\coo #
#                            rd\Obj\smartrf-sensors.r51                        #
#                            D:\myWork\myWork\examples\wsn2530dk\myProject\coo #
#                            rd\Obj\soc.r51                                    #
#                            D:\myWork\myWork\examples\wsn2530dk\myProject\coo #
#                            rd\Obj\stack.r51                                  #
#                            D:\myWork\myWork\examples\wsn2530dk\myProject\coo #
#                            rd\Obj\stimer.r51                                 #
#                            D:\myWork\myWork\examples\wsn2530dk\myProject\coo #
#                            rd\Obj\tcpdump.r51                                #
#                            D:\myWork\myWork\examples\wsn2530dk\myProject\coo #
#                            rd\Obj\tcpip.r51                                  #
#                            D:\myWork\myWork\examples\wsn2530dk\myProject\coo #
#                            rd\Obj\timer.r51                                  #
#                            D:\myWork\myWork\examples\wsn2530dk\myProject\coo #
#                            rd\Obj\uart-intr.r51                              #
#                            D:\myWork\myWork\examples\wsn2530dk\myProject\coo #
#                            rd\Obj\uart0.r51                                  #
#                            D:\myWork\myWork\examples\wsn2530dk\myProject\coo #
#                            rd\Obj\uart1.r51                                  #
#                            D:\myWork\myWork\examples\wsn2530dk\myProject\coo #
#                            rd\Obj\uip-debug.r51                              #
#                            D:\myWork\myWork\examples\wsn2530dk\myProject\coo #
#                            rd\Obj\uip-ds6-nbr.r51                            #
#                            D:\myWork\myWork\examples\wsn2530dk\myProject\coo #
#                            rd\Obj\uip-ds6-route.r51                          #
#                            D:\myWork\myWork\examples\wsn2530dk\myProject\coo #
#                            rd\Obj\uip-ds6.r51                                #
#                            D:\myWork\myWork\examples\wsn2530dk\myProject\coo #
#                            rd\Obj\uip-icmp6.r51                              #
#                            D:\myWork\myWork\examples\wsn2530dk\myProject\coo #
#                            rd\Obj\uip-nd6.r51                                #
#                            D:\myWork\myWork\examples\wsn2530dk\myProject\coo #
#                            rd\Obj\uip-neighbor.r51                           #
#                            D:\myWork\myWork\examples\wsn2530dk\myProject\coo #
#                            rd\Obj\uip-packetqueue.r51                        #
#                            D:\myWork\myWork\examples\wsn2530dk\myProject\coo #
#                            rd\Obj\uip-split.r51                              #
#                            D:\myWork\myWork\examples\wsn2530dk\myProject\coo #
#                            rd\Obj\uip-udp-packet.r51                         #
#                            D:\myWork\myWork\examples\wsn2530dk\myProject\coo #
#                            rd\Obj\uip6.r51                                   #
#                            D:\myWork\myWork\examples\wsn2530dk\myProject\coo #
#                            rd\Obj\uiplib.r51                                 #
#                            D:\myWork\myWork\examples\wsn2530dk\myProject\coo #
#                            rd\Obj\viztool.r51                                #
#                            D:\myWork\myWork\examples\wsn2530dk\myProject\coo #
#                            rd\Obj\watchdog.r51                               #
#                            -o                                                #
#                            D:\myWork\myWork\examples\wsn2530dk\myProject\coo #
#                            rd\Exe\sen_tran.d51                               #
#                            -l                                                #
#                            D:\myWork\myWork\examples\wsn2530dk\myProject\coo #
#                            rd\List\sen_tran.map                              #
#                            -xmsno                                            #
#                            "-ID:\Program Files (x86)\IAR Systems\Embedded Wo #
#                            rkbench 6.4\8051\LIB\"                            #
#                            -f                                                #
#                            D:\myWork\myWork\examples\wsn2530dk\myProject\CC2 #
#                            530F256b.xcl                                      #
#                            (-D_IDATA0_START=0x00 -D_IDATA0_END=0xFF          #
#                            -D_PDATA0_START=0x1E00 -D_PDATA0_END=0x1EFF       #
#                            -D_IXDATA0_START=0x0001 -D_IXDATA0_END=0x1EFF     #
#                            -D_XDATA0_START=_IXDATA0_START                    #
#                            -D_XDATA0_END=_IXDATA0_END                        #
#                            -D_NEAR_CODE_START=0x0000                         #
#                            -D_FIRST_BANK_ADDR=0x10000 -D?REGISTER_BANK=0x0   #
#                            -D_REGISTER_BANK_START=0x0 -D?PBANK_NUMBER=0x1E   #
#                            -D_BREG_START=0x00 -D?VB=0x20 -D?ESP=0x9B         #
#                            -Z(BIT)BREG=_BREG_START -Z(BIT)BIT_N=0-7F         #
#                            -Z(DATA)REGISTERS+8=_REGISTER_BANK_START          #
#                            -Z(DATA)BDATA_Z,BDATA_N,BDATA_I=20-2F             #
#                            -Z(DATA)VREG+_NR_OF_VIRTUAL_REGISTERS=08-7F       #
#                            -Z(DATA)PSP,XSP=08-7F -Z(DATA)DOVERLAY=08-7F      #
#                            -Z(DATA)DATA_I,DATA_Z,DATA_N=08-7F                #
#                            -U(IDATA)0-7F=(DATA)0-7F                          #
#                            -Z(IDATA)IDATA_I,IDATA_Z,IDATA_N=08-_IDATA0_END   #
#                            -Z(IDATA)ISTACK+_IDATA_STACK_SIZE#08-_IDATA0_END  #
#                            -Z(IDATA)IOVERLAY=08-FF -Z(CODE)INTVEC=0          #
#                            -Z(CODE)CSTART=_NEAR_CODE_START-(_CODEBANK_START- #
#                            1)                                                #
#                            -Z(CODE)BIT_ID,BDATA_ID,DATA_ID,IDATA_ID,IXDATA_I #
#                            D,PDATA_ID,XDATA_ID=_NEAR_CODE_START-(_CODEBANK_S #
#                            TART-1)                                           #
#                            -Z(CODE)BANK_RELAYS,RCODE,DIFUNCT,CODE_C,CODE_N,N #
#                            EAR_CODE=_NEAR_CODE_START-(_CODEBANK_START-1)     #
#                            -P(CODE)BANKED_CODE=_NEAR_CODE_START-(_CODEBANK_S #
#                            TART-1),[(_CODEBANK_START+_FIRST_BANK_ADDR)-(_COD #
#                            EBANK_END+_FIRST_BANK_ADDR)]*_NR_OF_BANKS+10000   #
#                            -Z(CODE)CHECKSUM#(_CODEBANK_START-1)              #
#                            -Z(XDATA)EXT_STACK+_EXTENDED_STACK_SIZE=_EXTENDED #
#                            _STACK_START                                      #
#                            -Z(XDATA)PSTACK+_PDATA_STACK_SIZE=_PDATA0_START-_ #
#                            PDATA0_END                                        #
#                            -Z(XDATA)XSTACK+_XDATA_STACK_SIZE=_XDATA0_START-_ #
#                            XDATA0_END                                        #
#                            -Z(XDATA)PDATA_Z,PDATA_I=_PDATA0_START-_PDATA0_EN #
#                            D                                                 #
#                            -P(XDATA)PDATA_N=_PDATA0_START-_PDATA0_END        #
#                            -Z(XDATA)IXDATA_Z,IXDATA_I=_IXDATA0_START-_IXDATA #
#                            0_END                                             #
#                            -P(XDATA)IXDATA_N=_IXDATA0_START-_IXDATA0_END     #
#                            -Z(XDATA)XDATA_Z,XDATA_I=_XDATA0_START-_XDATA0_EN #
#                            D                                                 #
#                            -P(XDATA)XDATA_N=_XDATA0_START-_XDATA0_END        #
#                            -Z(XDATA)XDATA_HEAP+_XDATA_HEAP_SIZE=_XDATA0_STAR #
#                            T-_XDATA0_END                                     #
#                            -Z(CONST)XDATA_ROM_C=_XDATA0_START-_XDATA0_END    #
#                            -cx51                                             #
#                            -M(CODE)[(_CODEBANK_START+_FIRST_BANK_ADDR)-(_COD #
#                            EBANK_END+_FIRST_BANK_ADDR)]*_NR_OF_BANKS+0x10000 #
#                            =0x8000                                           #
#                            -ww69=i -D_BANK0_START=0x00000                    #
#                            -D_BANK0_END=0x07FFF -D_BANK1_START=0x18000       #
#                            -D_BANK1_END=0x1FFFF -D_BANK2_START=0x28000       #
#                            -D_BANK2_END=0x2FFFF -D_BANK3_START=0x38000       #
#                            -D_BANK3_END=0x3FFFF -D_BANK4_START=0x48000       #
#                            -D_BANK4_END=0x4FFFF -D_BANK5_START=0x58000       #
#                            -D_BANK5_END=0x5FFFF -D_BANK6_START=0x68000       #
#                            -D_BANK6_END=0x6FFFF -D_BANK7_START=0x78000       #
#                            -D_BANK7_END=0x7FFFF                              #
#                            -P(CODE)BANK0=_BANK0_START-_BANK0_END             #
#                            -P(CODE)BANK1=_BANK1_START-_BANK1_END             #
#                            -P(CODE)BANK2=_BANK2_START-_BANK2_END             #
#                            -P(CODE)BANK3=_BANK3_START-_BANK3_END             #
#                            -P(CODE)BANK4=_BANK4_START-_BANK4_END             #
#                            -P(CODE)BANK5=_BANK5_START-_BANK5_END             #
#                            -P(CODE)BANK6=_BANK6_START-_BANK6_END             #
#                            -P(CODE)BANK7=_BANK7_START-_BANK7_END             #
#                            -D_FLASH_LOCK_BITS_START=0x7FFF0                  #
#                            -D_FLASH_LOCK_BITS_END=0x7FFFF                    #
#                            -Z(CODE)FLASH_LOCK_BITS=_FLASH_LOCK_BITS_START-_F #
#                            LASH_LOCK_BITS_END                                #
#                            -U(CODE)0x0000=(CODE)_FLASH_LOCK_BITS_START-_FLAS #
#                            H_LOCK_BITS_END)                                  #
#                            -D_NR_OF_VIRTUAL_REGISTERS=10 -D?PBANK=0x93       #
#                            -e?BCALL_FF=?BCALL -e?BRET_FF=?BRET               #
#                            -e?BDISPATCH_FF=?BDISPATCH                        #
#                            -e_small_write=_formatted_write                   #
#                            -e_medium_read=_formatted_read -rt -s             #
#                            __program_start                                   #
#                            "D:\Program Files (x86)\IAR Systems\Embedded Work #
#                            bench 6.4\8051\LIB\CLIB\cl-pli-blxd-1e16x01.r51"  #
#                            -D_IDATA_STACK_SIZE=0xC0                          #
#                            -D_EXTENDED_STACK_START=0x00                      #
#                            -D_EXTENDED_STACK_SIZE=0x00                       #
#                            -D_PDATA_STACK_SIZE=0x80                          #
#                            -D_XDATA_STACK_SIZE=0x280                         #
#                            -D_XDATA_HEAP_SIZE=0x0 -D_FAR_HEAP_SIZE=0x0       #
#                            -D_HUGE_HEAP_SIZE=0x0 -D_FAR22_HEAP_SIZE=0x0      #
#                                                                              #
#                           Copyright (C) 1987-2012 IAR Systems AB.            #
################################################################################





                ****************************************
                *                                      *
                *           CROSS REFERENCE            *
                *                                      *
                ****************************************

       Program entry at : CODE      000000D9  Relocatable, from module : CSTARTUP




                ****************************************
                *                                      *
                *            RUNTIME MODEL             *
                *                                      *
                ****************************************

  __SystemLibrary          = CLib
  __calling_convention     = xdata_reentrant
  __code_model             = banked
  __core                   = plain
  __data_model             = large
  __dptr_size              = 16
  __extended_stack         = disabled
  __location_for_constants = data
  __number_of_dptrs        = 1
  __rt_version             = 1

                ****************************************
                *                                      *
                *    AUTOMATIC SYMBOL REDIRECTIONS     *
                *                                      *
                ****************************************

                  There are no automatic symbol redirections.



                ****************************************
                *                                      *
                *              MODULE MAP              *
                *                                      *
                ****************************************


  DEFINED ABSOLUTE ENTRIES
    *************************************************************************

  DEFINED ABSOLUTE ENTRIES
  PROGRAM MODULE, NAME : ?ABS_ENTRY_MOD

Absolute parts
           ENTRY                   ADDRESS         REF BY
           =====                   =======         ======
           _FAR22_HEAP_SIZE        00000000 
           _HUGE_HEAP_SIZE         00000000 
           _FAR_HEAP_SIZE          00000000 
           _XDATA_HEAP_SIZE        00000000 
           _XDATA_STACK_SIZE       00000280 
           _PDATA_STACK_SIZE       00000080 
           _EXTENDED_STACK_SIZE    00000000 
           _EXTENDED_STACK_START   00000000 
           _IDATA_STACK_SIZE       000000C0 
           ?PBANK                  00000093 
           _NR_OF_VIRTUAL_REGISTERS
                                   00000010 
           _FLASH_LOCK_BITS_END    0003FFFF 
           _FLASH_LOCK_BITS_START
                                   0003FFF0 
           _BANK7_END              0003FFFF 
           _BANK7_START            00038000 
           _BANK6_END              00037FFF 
           _BANK6_START            00030000 
           _BANK5_END              0002FFFF 
           _BANK5_START            00028000 
           _BANK4_END              00027FFF 
           _BANK4_START            00020000 
           _BANK3_END              0001FFFF 
           _BANK3_START            00018000 
           _BANK2_END              00017FFF 
           _BANK2_START            00010000 
           _BANK1_END              0000FFFF 
           _BANK1_START            00008000 
           _BANK0_END              00007FFF 
           _BANK0_START            00000000 
           ?ESP                    0000009B 
           ?VB                     00000020        ?BANKED_ENTER_XDATA (?BANKED_ENTER_XDATA)
                                                   ?BANKED_LEAVE_XDATA (?BANKED_LEAVE_XDATA)
                                                   ?INTERRUPT_ENTER_XSP (?INTERRUPT_ENTER_XSP)
                                                   ?INTERRUPT_LEAVE_XSP (?INTERRUPT_LEAVE_XSP)
           _BREG_START             00000000 
           ?PBANK_NUMBER           0000001E 
           _REGISTER_BANK_START    00000000 
           ?REGISTER_BANK          00000000        Segment part 6 (CSTARTUP)
           _FIRST_BANK_ADDR        00010000 
           _NEAR_CODE_START        00000000 
           _XDATA0_END             00001EFF 
           _XDATA0_START           00000001 
           _IXDATA0_END            00001EFF 
           _IXDATA0_START          00000001 
           _PDATA0_END             00001EFF 
           _PDATA0_START           00001E00 
           _IDATA0_END             000000FF 
           _IDATA0_START           00000000 
           ?CBANK                  0000009F        ?RESET_CODE_BANK (CSTARTUP)
                                                   Segment part 0 (?BANKED_CODE_SUPPORT)
           ?CBANK_MASK             000000FF 
           _CODEBANK_START         00008000 
           _CODEBANK_END           0000FFFF 
           _NR_OF_BANKS            00000007 
    *************************************************************************

  FILE NAME : D:\myWork\myWork\examples\wsn2530dk\myProject\coord\Obj\adc-sensor.r51
  PROGRAM MODULE, NAME : adc-sensor

  SEGMENTS IN THE MODULE
  ======================
SFR_AN
  Relative segment, address: DATA 00000088 - 00000088 (0x1 bytes), align: 0
  Segment part 1. ROOT.       Intra module refs:   uart0_rx_isr (uart-intr)
                                                   value
           ENTRY                   ADDRESS         REF BY
           =====                   =======         ======
           _A_TCON                 00000088 
           LOCAL                   ADDRESS         
           =====                   =======         
           TCON                    00000088 
    -------------------------------------------------------------------------
SFR_AN
  Relative segment, address: DATA 000000B6 - 000000B6 (0x1 bytes), align: 0
  Segment part 2. ROOT.       Intra module refs:   value
           ENTRY                   ADDRESS         REF BY
           =====                   =======         ======
           ADCCON3                 000000B6 
    -------------------------------------------------------------------------
SFR_AN
  Relative segment, address: DATA 000000BA - 000000BA (0x1 bytes), align: 0
  Segment part 3. ROOT.       Intra module refs:   value
           ENTRY                   ADDRESS         REF BY
           =====                   =======         ======
           ADCL                    000000BA 
    -------------------------------------------------------------------------
SFR_AN
  Relative segment, address: DATA 000000BB - 000000BB (0x1 bytes), align: 0
  Segment part 4. ROOT.       Intra module refs:   value
           ENTRY                   ADDRESS         REF BY
           =====                   =======         ======
           ADCH                    000000BB 
    -------------------------------------------------------------------------
SFR_AN
  Relative segment, address: DATA 000000F2 - 000000F2 (0x1 bytes), align: 0
  Segment part 5. ROOT.       Intra module refs:   configure
           ENTRY                   ADDRESS         REF BY
           =====                   =======         ======
           APCFG                   000000F2 
    -------------------------------------------------------------------------
<BANKED_CODE> 1 (was BANKED_CODE)
  Relative segment, address: CODE 00004779 - 000047D7 (0x5f bytes), align: 0
  Segment part 15.            Intra module refs:   value::?relay
           LOCAL                   ADDRESS         
           =====                   =======         
           value                   00004779 
               is indirectly called
               XSTACK = 00000000 ( 0000000C )
    -------------------------------------------------------------------------
<BANKED_CODE> 1 (was BANKED_CODE)
  Relative segment, address: CODE 000047D8 - 000047DE (0x7 bytes), align: 0
  Segment part 17.            Intra module refs:   status::?relay
           LOCAL                   ADDRESS         
           =====                   =======         
           status                  000047D8 
               is indirectly called
    -------------------------------------------------------------------------
<BANKED_CODE> 1 (was BANKED_CODE)
  Relative segment, address: CODE 000047DF - 00004806 (0x28 bytes), align: 0
  Segment part 19.            Intra module refs:   configure::?relay
           LOCAL                   ADDRESS         
           =====                   =======         
           configure               000047DF 
               is indirectly called
               ISTACK = 00000000 ( 00000002 )
    -------------------------------------------------------------------------
XDATA_I
  Relative segment, address: XDATA 00000693 - 00000696 (0x4 bytes), align: 0
  Segment part 11.            Intra module refs:   Segment part 14
    -------------------------------------------------------------------------
XDATA_I
  Relative segment, address: XDATA 00000697 - 0000069E (0x8 bytes), align: 0
  Segment part 13.
           ENTRY                   ADDRESS         REF BY
           =====                   =======         ======
           adc_sensor              00000697        Segment part 7 (smartrf-sensors)
                                                   main (main-coord)
    -------------------------------------------------------------------------
XDATA_ID
  Relative segment, address: CODE 0000010C - 0000010F (0x4 bytes), align: 0
  Segment part 12.            Intra module refs:   Segment part 11
    -------------------------------------------------------------------------
XDATA_ID
  Relative segment, address: CODE 00000110 - 00000117 (0x8 bytes), align: 0
  Segment part 14.            Intra module refs:   adc_sensor
    -------------------------------------------------------------------------
BANK_RELAYS
  Relative segment, address: CODE 0000037D - 00000382 (0x6 bytes), align: 0
  Segment part 16.            Intra module refs:   Segment part 14
           LOCAL                   ADDRESS         
           =====                   =======         
           value::?relay           0000037D 
    -------------------------------------------------------------------------
BANK_RELAYS
  Relative segment, address: CODE 00000383 - 00000388 (0x6 bytes), align: 0
  Segment part 18.            Intra module refs:   Segment part 14
           LOCAL                   ADDRESS         
           =====                   =======         
           status::?relay          00000383 
    -------------------------------------------------------------------------
BANK_RELAYS
  Relative segment, address: CODE 00000389 - 0000038E (0x6 bytes), align: 0
  Segment part 20.            Intra module refs:   Segment part 14
           LOCAL                   ADDRESS         
           =====                   =======         
           configure::?relay       00000389 

    *************************************************************************

  FILE NAME : D:\myWork\myWork\examples\wsn2530dk\myProject\coord\Obj\autostart.r51
  PROGRAM MODULE, NAME : autostart

  SEGMENTS IN THE MODULE
  ======================
<BANKED_CODE> 1 (was BANKED_CODE)
  Relative segment, address: CODE 00004807 - 0000487D (0x77 bytes), align: 0
  Segment part 6.             Intra module refs:   autostart_start::?relay
           ENTRY                   ADDRESS         REF BY
           =====                   =======         ======
           autostart_start         00004807 
               calls direct
               XSTACK = 00000000 ( 0000000A )
    -------------------------------------------------------------------------
BANK_RELAYS
  Relative segment, address: CODE 0000038F - 00000394 (0x6 bytes), align: 0
  Segment part 7.
           ENTRY                   ADDRESS         REF BY
           =====                   =======         ======
           autostart_start::?relay
                                   0000038F        main (main-coord)

    *************************************************************************

  FILE NAME : D:\myWork\myWork\examples\wsn2530dk\myProject\coord\Obj\button-sensor.r51
  PROGRAM MODULE, NAME : button-sensor

  SEGMENTS IN THE MODULE
  ======================
SFR_AN
  Relative segment, address: DATA 00000080 - 00000080 (0x1 bytes), align: 0
  Segment part 1. ROOT.       Intra module refs:   uart0_init (uart0)
                                                   value_b1
           ENTRY                   ADDRESS         REF BY
           =====                   =======         ======
           _A_P0                   00000080 
           LOCAL                   ADDRESS         
           =====                   =======         
           P0                      00000080 
    -------------------------------------------------------------------------
SFR_AN
  Relative segment, address: DATA 000000A8 - 000000A8 (0x1 bytes), align: 0
  Segment part 2. ROOT.       Intra module refs:   clock_delay_usec (clock)
                                                   clock_init (clock)
                                                   clock_isr (clock)
                                                   dma_isr (dma_intr)
                                                   port_0_isr
                                                   soc_init (soc)
                                                   uart0_init (uart0)
           ENTRY                   ADDRESS         REF BY
           =====                   =======         ======
           _A_IEN0                 000000A8 
           LOCAL                   ADDRESS         
           =====                   =======         
           IEN0                    000000A8 
    -------------------------------------------------------------------------
SFR_AN
  Relative segment, address: DATA 000000B8 - 000000B8 (0x1 bytes), align: 0
  Segment part 3. ROOT.       Intra module refs:   configure_b1
                                                   rtimer_arch_init (rtimer-arch)
                                                   rtimer_isr (rtimer-arch)
           ENTRY                   ADDRESS         REF BY
           =====                   =======         ======
           _A_IEN1                 000000B8 
           LOCAL                   ADDRESS         
           =====                   =======         
           IEN1                    000000B8 
    -------------------------------------------------------------------------
SFR_AN
  Relative segment, address: DATA 000000C0 - 000000C0 (0x1 bytes), align: 0
  Segment part 4. ROOT.       Intra module refs:   clock_isr (clock)
                                                   configure_b1
                                                   dma_isr (dma_intr)
                                                   port_0_isr
           ENTRY                   ADDRESS         REF BY
           =====                   =======         ======
           _A_IRCON                000000C0 
           LOCAL                   ADDRESS         
           =====                   =======         
           IRCON                   000000C0 
    -------------------------------------------------------------------------
SFR_AN
  Relative segment, address: DATA 00000089 - 00000089 (0x1 bytes), align: 0
  Segment part 5. ROOT.       Intra module refs:   configure_b1
                                                   port_0_isr
           ENTRY                   ADDRESS         REF BY
           =====                   =======         ======
           P0IFG                   00000089 
    -------------------------------------------------------------------------
SFR_AN
  Relative segment, address: DATA 0000008C - 0000008C (0x1 bytes), align: 0
  Segment part 6. ROOT.       Intra module refs:   configure_b1
           ENTRY                   ADDRESS         REF BY
           =====                   =======         ======
           PICTL                   0000008C 
    -------------------------------------------------------------------------
SFR_AN
  Relative segment, address: DATA 000000AB - 000000AB (0x1 bytes), align: 0
  Segment part 7. ROOT.       Intra module refs:   configure_b1
                                                   status_b1
           ENTRY                   ADDRESS         REF BY
           =====                   =======         ======
           P0IEN                   000000AB 
    -------------------------------------------------------------------------
SFR_AN
  Relative segment, address: DATA 0000008F - 0000008F (0x1 bytes), align: 0
  Segment part 8. ROOT.       Intra module refs:   configure_b1
           ENTRY                   ADDRESS         REF BY
           =====                   =======         ======
           P0INP                   0000008F 
    -------------------------------------------------------------------------
SFR_AN
  Relative segment, address: DATA 000000F3 - 000000F3 (0x1 bytes), align: 0
  Segment part 9. ROOT.       Intra module refs:   configure_b1
                                                   uart0_init (uart0)
           ENTRY                   ADDRESS         REF BY
           =====                   =======         ======
           P0SEL                   000000F3 
    -------------------------------------------------------------------------
SFR_AN
  Relative segment, address: DATA 000000FD - 000000FD (0x1 bytes), align: 0
  Segment part 10. ROOT.      Intra module refs:   configure_b1
                                                   uart0_init (uart0)
           ENTRY                   ADDRESS         REF BY
           =====                   =======         ======
           P0DIR                   000000FD 
    -------------------------------------------------------------------------
SFR_AN
  Relative segment, address: DATA 000000E2 - 000000E2 (0x1 bytes), align: 0
  Segment part 11. ROOT.      Intra module refs:   clock_isr (clock)
                                                   main (main-coord)
                                                   off (cc2530-rf)
                                                   on (cc2530-rf)
                                                   port_0_isr
                                                   rtimer_isr (rtimer-arch)
                                                   show_leds (leds)
                                                   transmit (cc2530-rf)
                                                   uart0_rx_isr (uart-intr)
           ENTRY                   ADDRESS         REF BY
           =====                   =======         ======
           T1CNTL                  000000E2 
    -------------------------------------------------------------------------
SFR_AN
  Relative segment, address: DATA 000000E3 - 000000E3 (0x1 bytes), align: 0
  Segment part 12. ROOT.      Intra module refs:   clock_isr (clock)
                                                   main (main-coord)
                                                   off (cc2530-rf)
                                                   on (cc2530-rf)
                                                   port_0_isr
                                                   rtimer_isr (rtimer-arch)
                                                   show_leds (leds)
                                                   transmit (cc2530-rf)
                                                   uart0_rx_isr (uart-intr)
           ENTRY                   ADDRESS         REF BY
           =====                   =======         ======
           T1CNTH                  000000E3 
    -------------------------------------------------------------------------
XDATA_Z
  Relative segment, address: XDATA 00000281 - 00000284 (0x4 bytes), align: 0
  Segment part 21.            Intra module refs:   configure_b1
                                                   port_0_isr
                                                   value_b1
           LOCAL                   ADDRESS         
           =====                   =======         
           debouncetimer           00000281 
    -------------------------------------------------------------------------
<BANKED_CODE> 1 (was BANKED_CODE)
  Relative segment, address: CODE 0000450A - 00004535 (0x2c bytes), align: 0
  Segment part 24.            Intra module refs:   value_b1::?relay
           LOCAL                   ADDRESS         
           =====                   =======         
           value_b1                0000450A 
               calls direct, is indirectly called
               XSTACK = 00000000 ( 0000000A )
    -------------------------------------------------------------------------
<BANKED_CODE> 1 (was BANKED_CODE)
  Relative segment, address: CODE 00004536 - 00004563 (0x2e bytes), align: 0
  Segment part 26.            Intra module refs:   status_b1::?relay
           LOCAL                   ADDRESS         
           =====                   =======         
           status_b1               00004536 
               is indirectly called
               XSTACK = 00000000 ( 0000000A )
    -------------------------------------------------------------------------
<BANKED_CODE> 1 (was BANKED_CODE)
  Relative segment, address: CODE 00004564 - 000045C1 (0x5e bytes), align: 0
  Segment part 28.            Intra module refs:   configure_b1::?relay
           LOCAL                   ADDRESS         
           =====                   =======         
           configure_b1            00004564 
               calls direct, is indirectly called
               XSTACK = 00000000 ( 0000000A )
    -------------------------------------------------------------------------
NEAR_CODE
  Relative segment, address: CODE 00000BAC - 00000C47 (0x9c bytes), align: 0
  Segment part 30.            Intra module refs:   port_0_isr::??INTVEC 107
           ENTRY                   ADDRESS         REF BY
           =====                   =======         ======
           port_0_isr              00000BAC 
               interrupt function
               calls direct
               XSTACK = 00000000 ( 00000011 )
    -------------------------------------------------------------------------
XDATA_I
  Relative segment, address: XDATA 0000069F - 000006A5 (0x7 bytes), align: 0
  Segment part 19.            Intra module refs:   Segment part 23
    -------------------------------------------------------------------------
XDATA_I
  Relative segment, address: XDATA 000006A6 - 000006AD (0x8 bytes), align: 0
  Segment part 22.            Intra module refs:   port_0_isr
           ENTRY                   ADDRESS         REF BY
           =====                   =======         ======
           button_1_sensor         000006A6 
    -------------------------------------------------------------------------
INTVEC
  Common segment, address: CODE 00000000 - 0000006D (0x6e bytes), align: 0
  Segment part 13. ROOT.
           ENTRY                   ADDRESS         REF BY
           =====                   =======         ======
           port_0_isr::??INTVEC 107
                                   0000006B 
    -------------------------------------------------------------------------
XDATA_ID
  Relative segment, address: CODE 00000118 - 0000011E (0x7 bytes), align: 0
  Segment part 20.            Intra module refs:   Segment part 19
    -------------------------------------------------------------------------
XDATA_ID
  Relative segment, address: CODE 0000011F - 00000126 (0x8 bytes), align: 0
  Segment part 23.            Intra module refs:   button_1_sensor
    -------------------------------------------------------------------------
BANK_RELAYS
  Relative segment, address: CODE 00000395 - 0000039A (0x6 bytes), align: 0
  Segment part 25.            Intra module refs:   Segment part 23
           LOCAL                   ADDRESS         
           =====                   =======         
           value_b1::?relay        00000395 
    -------------------------------------------------------------------------
BANK_RELAYS
  Relative segment, address: CODE 0000039B - 000003A0 (0x6 bytes), align: 0
  Segment part 27.            Intra module refs:   Segment part 23
           LOCAL                   ADDRESS         
           =====                   =======         
           status_b1::?relay       0000039B 
    -------------------------------------------------------------------------
BANK_RELAYS
  Relative segment, address: CODE 000003A1 - 000003A6 (0x6 bytes), align: 0
  Segment part 29.            Intra module refs:   Segment part 23
           LOCAL                   ADDRESS         
           =====                   =======         
           configure_b1::?relay    000003A1 

    *************************************************************************

  FILE NAME : D:\myWork\myWork\examples\wsn2530dk\myProject\coord\Obj\cc2530-rf.r51
  PROGRAM MODULE, NAME : cc2530-rf

  SEGMENTS IN THE MODULE
  ======================
SFR_AN
  Relative segment, address: DATA 000000D9 - 000000D9 (0x1 bytes), align: 0
  Segment part 1. ROOT.       Intra module refs:   prepare
                                                   read
           ENTRY                   ADDRESS         REF BY
           =====                   =======         ======
           RFD                     000000D9 
    -------------------------------------------------------------------------
SFR_AN
  Relative segment, address: DATA 000000E1 - 000000E1 (0x1 bytes), align: 0
  Segment part 2. ROOT.       Intra module refs:   off
                                                   on
                                                   prepare
                                                   random_init (random)
                                                   read
                                                   transmit
           ENTRY                   ADDRESS         REF BY
           =====                   =======         ======
           RFST                    000000E1 
    -------------------------------------------------------------------------
DATA_Z
  Relative segment, address: DATA 00000021 - 00000021 (0x1 bytes), align: 0
  Segment part 10.            Intra module refs:   init
                                                   off
                                                   on
                                                   prepare
                                                   transmit
           LOCAL                   ADDRESS         
           =====                   =======         
           rf_flags                00000021 
    -------------------------------------------------------------------------
<BANKED_CODE> 1 (was BANKED_CODE)
  Relative segment, address: CODE 00002382 - 000023AD (0x2c bytes), align: 0
  Segment part 13.            Intra module refs:   cc2530_rf_channel_set::?relay
           ENTRY                   ADDRESS         REF BY
           =====                   =======         ======
           cc2530_rf_channel_set   00002382 
               calls direct
               XSTACK = 00000000 ( 00000009 )
    -------------------------------------------------------------------------
<BANKED_CODE> 1 (was BANKED_CODE)
  Relative segment, address: CODE 000023AE - 000023C3 (0x16 bytes), align: 0
  Segment part 15.            Intra module refs:   cc2530_rf_power_set::?relay
           ENTRY                   ADDRESS         REF BY
           =====                   =======         ======
           cc2530_rf_power_set     000023AE 
               ISTACK = 00000000 ( 00000002 )
    -------------------------------------------------------------------------
<BANKED_CODE> 1 (was BANKED_CODE)
  Relative segment, address: CODE 000023C4 - 000023EA (0x27 bytes), align: 0
  Segment part 17.            Intra module refs:   cc2530_rf_set_addr::?relay
           ENTRY                   ADDRESS         REF BY
           =====                   =======         ======
           cc2530_rf_set_addr      000023C4 
               ISTACK = 00000000 ( 00000002 )
    -------------------------------------------------------------------------
<BANKED_CODE> 1 (was BANKED_CODE)
  Relative segment, address: CODE 000023EB - 00002457 (0x6d bytes), align: 0
  Segment part 19.            Intra module refs:   init::?relay
           LOCAL                   ADDRESS         
           =====                   =======         
           init                    000023EB 
               calls direct, is indirectly called
               ISTACK = 00000000 ( 00000002 )
    -------------------------------------------------------------------------
<BANKED_CODE> 1 (was BANKED_CODE)
  Relative segment, address: CODE 00002458 - 000024B6 (0x5f bytes), align: 0
  Segment part 21.            Intra module refs:   prepare::?relay
           LOCAL                   ADDRESS         
           =====                   =======         
           prepare                 00002458 
               calls direct, is indirectly called
               XSTACK = 00000009 ( 0000000C )
    -------------------------------------------------------------------------
<BANKED_CODE> 1 (was BANKED_CODE)
  Relative segment, address: CODE 000024B7 - 00002644 (0x18e bytes), align: 0
  Segment part 23.            Intra module refs:   transmit::?relay
           LOCAL                   ADDRESS         
           =====                   =======         
           transmit                000024B7 
               calls direct, is indirectly called
               XSTACK = 00000009 ( 0000000D )
    -------------------------------------------------------------------------
<BANKED_CODE> 1 (was BANKED_CODE)
  Relative segment, address: CODE 00002645 - 00002660 (0x1c bytes), align: 0
  Segment part 25.            Intra module refs:   send::?relay
           LOCAL                   ADDRESS         
           =====                   =======         
           send                    00002645 
               calls direct, is indirectly called
               XSTACK = 00000000 ( 00000009 )
    -------------------------------------------------------------------------
<BANKED_CODE> 1 (was BANKED_CODE)
  Relative segment, address: CODE 00002661 - 00002730 (0xd0 bytes), align: 0
  Segment part 27.            Intra module refs:   read::?relay
           LOCAL                   ADDRESS         
           =====                   =======         
           read                    00002661 
               calls direct, is indirectly called
               XSTACK = 00000000 ( 0000000A )
               ISTACK = 00000000 ( 00000001 )
    -------------------------------------------------------------------------
<BANKED_CODE> 1 (was BANKED_CODE)
  Relative segment, address: CODE 00002731 - 0000274D (0x1d bytes), align: 0
  Segment part 29.            Intra module refs:   channel_clear::?relay
           LOCAL                   ADDRESS         
           =====                   =======         
           channel_clear           00002731 
               is indirectly called
               XSTACK = 0000000D ( 00000000 )
               ISTACK = 00000000 ( 00000002 )
    -------------------------------------------------------------------------
<BANKED_CODE> 1 (was BANKED_CODE)
  Relative segment, address: CODE 0000274E - 00002761 (0x14 bytes), align: 0
  Segment part 31.            Intra module refs:   receiving_packet::?relay
           LOCAL                   ADDRESS         
           =====                   =======         
           receiving_packet        0000274E 
               is indirectly called
               ISTACK = 00000000 ( 00000002 )
    -------------------------------------------------------------------------
<BANKED_CODE> 1 (was BANKED_CODE)
  Relative segment, address: CODE 00002762 - 0000277A (0x19 bytes), align: 0
  Segment part 33.            Intra module refs:   pending_packet::?relay
           LOCAL                   ADDRESS         
           =====                   =======         
           pending_packet          00002762 
               is indirectly called
               ISTACK = 00000000 ( 00000002 )
    -------------------------------------------------------------------------
<BANKED_CODE> 1 (was BANKED_CODE)
  Relative segment, address: CODE 0000277B - 000027BC (0x42 bytes), align: 0
  Segment part 35.            Intra module refs:   on::?relay
           LOCAL                   ADDRESS         
           =====                   =======         
           on                      0000277B 
               is indirectly called
               XSTACK = 0000000D ( 00000000 )
               ISTACK = 00000000 ( 00000002 )
    -------------------------------------------------------------------------
<BANKED_CODE> 1 (was BANKED_CODE)
  Relative segment, address: CODE 000027BD - 00002813 (0x57 bytes), align: 0
  Segment part 37.            Intra module refs:   off::?relay
           LOCAL                   ADDRESS         
           =====                   =======         
           off                     000027BD 
               is indirectly called
               XSTACK = 0000000D ( 0000000C )
    -------------------------------------------------------------------------
XDATA_I
  Relative segment, address: XDATA 000006AE - 000006C1 (0x14 bytes), align: 0
  Segment part 11.
           ENTRY                   ADDRESS         REF BY
           =====                   =======         ======
           cc2530_rf_driver        000006AE        buildAndSendFrame (dataformat)
                                                   main (main-coord)
                                                   sink_incomingPacketProcessing (dataformat)
    -------------------------------------------------------------------------
XDATA_ID
  Relative segment, address: CODE 00000127 - 0000013A (0x14 bytes), align: 0
  Segment part 12.            Intra module refs:   cc2530_rf_driver
    -------------------------------------------------------------------------
BANK_RELAYS
  Relative segment, address: CODE 000003A7 - 000003AC (0x6 bytes), align: 0
  Segment part 14.            Intra module refs:   init
           ENTRY                   ADDRESS         REF BY
           =====                   =======         ======
           cc2530_rf_channel_set::?relay
                                   000003A7 
    -------------------------------------------------------------------------
BANK_RELAYS
  Relative segment, address: CODE 000003AD - 000003B2 (0x6 bytes), align: 0
  Segment part 16.            Intra module refs:   init
           ENTRY                   ADDRESS         REF BY
           =====                   =======         ======
           cc2530_rf_power_set::?relay
                                   000003AD 
    -------------------------------------------------------------------------
BANK_RELAYS
  Relative segment, address: CODE 000003B3 - 000003B8 (0x6 bytes), align: 0
  Segment part 18.
           ENTRY                   ADDRESS         REF BY
           =====                   =======         ======
           cc2530_rf_set_addr::?relay
                                   000003B3        set_rime_addr (main-coord)
    -------------------------------------------------------------------------
BANK_RELAYS
  Relative segment, address: CODE 000003B9 - 000003BE (0x6 bytes), align: 0
  Segment part 20.            Intra module refs:   Segment part 12
           LOCAL                   ADDRESS         
           =====                   =======         
           init::?relay            000003B9 
    -------------------------------------------------------------------------
BANK_RELAYS
  Relative segment, address: CODE 000003BF - 000003C4 (0x6 bytes), align: 0
  Segment part 22.            Intra module refs:   Segment part 12
                                                   send
           LOCAL                   ADDRESS         
           =====                   =======         
           prepare::?relay         000003BF 
    -------------------------------------------------------------------------
BANK_RELAYS
  Relative segment, address: CODE 000003C5 - 000003CA (0x6 bytes), align: 0
  Segment part 24.            Intra module refs:   Segment part 12
                                                   send
           LOCAL                   ADDRESS         
           =====                   =======         
           transmit::?relay        000003C5 
    -------------------------------------------------------------------------
BANK_RELAYS
  Relative segment, address: CODE 000003CB - 000003D0 (0x6 bytes), align: 0
  Segment part 26.            Intra module refs:   Segment part 12
           LOCAL                   ADDRESS         
           =====                   =======         
           send::?relay            000003CB 
    -------------------------------------------------------------------------
BANK_RELAYS
  Relative segment, address: CODE 000003D1 - 000003D6 (0x6 bytes), align: 0
  Segment part 28.            Intra module refs:   Segment part 12
           LOCAL                   ADDRESS         
           =====                   =======         
           read::?relay            000003D1 
    -------------------------------------------------------------------------
BANK_RELAYS
  Relative segment, address: CODE 000003D7 - 000003DC (0x6 bytes), align: 0
  Segment part 30.            Intra module refs:   Segment part 12
                                                   transmit
           LOCAL                   ADDRESS         
           =====                   =======         
           channel_clear::?relay   000003D7 
    -------------------------------------------------------------------------
BANK_RELAYS
  Relative segment, address: CODE 000003DD - 000003E2 (0x6 bytes), align: 0
  Segment part 32.            Intra module refs:   Segment part 12
           LOCAL                   ADDRESS         
           =====                   =======         
           receiving_packet::?relay
                                   000003DD 
    -------------------------------------------------------------------------
BANK_RELAYS
  Relative segment, address: CODE 000003E3 - 000003E8 (0x6 bytes), align: 0
  Segment part 34.            Intra module refs:   Segment part 12
           LOCAL                   ADDRESS         
           =====                   =======         
           pending_packet::?relay
                                   000003E3 
    -------------------------------------------------------------------------
BANK_RELAYS
  Relative segment, address: CODE 000003E9 - 000003EE (0x6 bytes), align: 0
  Segment part 36.            Intra module refs:   Segment part 12
                                                   cc2530_rf_channel_set
                                                   prepare
                                                   transmit
           LOCAL                   ADDRESS         
           =====                   =======         
           on::?relay              000003E9 
    -------------------------------------------------------------------------
BANK_RELAYS
  Relative segment, address: CODE 000003EF - 000003F4 (0x6 bytes), align: 0
  Segment part 38.            Intra module refs:   Segment part 12
                                                   cc2530_rf_channel_set
                                                   transmit
           LOCAL                   ADDRESS         
           =====                   =======         
           off::?relay             000003EF 

    *************************************************************************

  FILE NAME : D:\myWork\myWork\examples\wsn2530dk\myProject\coord\Obj\checkpoint.r51
    *************************************************************************

  FILE NAME : D:\myWork\myWork\examples\wsn2530dk\myProject\coord\Obj\clock.r51
  PROGRAM MODULE, NAME : clock

  SEGMENTS IN THE MODULE
  ======================
SFR_AN
  Relative segment, address: DATA 00000095 - 00000095 (0x1 bytes), align: 0
  Segment part 3. ROOT.       Intra module refs:   clock_init
                                                   clock_isr
           ENTRY                   ADDRESS         REF BY
           =====                   =======         ======
           ST0                     00000095 
    -------------------------------------------------------------------------
SFR_AN
  Relative segment, address: DATA 00000096 - 00000096 (0x1 bytes), align: 0
  Segment part 4. ROOT.       Intra module refs:   clock_init
                                                   clock_isr
           ENTRY                   ADDRESS         REF BY
           =====                   =======         ======
           ST1                     00000096 
    -------------------------------------------------------------------------
SFR_AN
  Relative segment, address: DATA 00000097 - 00000097 (0x1 bytes), align: 0
  Segment part 5. ROOT.       Intra module refs:   clock_init
                                                   clock_isr
           ENTRY                   ADDRESS         REF BY
           =====                   =======         ======
           ST2                     00000097 
    -------------------------------------------------------------------------
SFR_AN
  Relative segment, address: DATA 000000C6 - 000000C6 (0x1 bytes), align: 0
  Segment part 6. ROOT.       Intra module refs:   clock_init
           ENTRY                   ADDRESS         REF BY
           =====                   =======         ======
           CLKCONCMD               000000C6 
    -------------------------------------------------------------------------
SFR_AN
  Relative segment, address: DATA 0000009E - 0000009E (0x1 bytes), align: 0
  Segment part 7. ROOT.       Intra module refs:   clock_init
           ENTRY                   ADDRESS         REF BY
           =====                   =======         ======
           CLKCONSTA               0000009E 
    -------------------------------------------------------------------------
XDATA_Z
  Relative segment, address: XDATA 00000285 - 00000286 (0x2 bytes), align: 0
  Segment part 16.            Intra module refs:   clock_isr
           LOCAL                   ADDRESS         
           =====                   =======         
           sleeping                00000285 
    -------------------------------------------------------------------------
XDATA_Z
  Relative segment, address: XDATA 00000287 - 00000287 (0x1 bytes), align: 0
  Segment part 17.            Intra module refs:   clock_isr
           ENTRY                   ADDRESS         REF BY
           =====                   =======         ======
           sleep_flag              00000287        main (main-coord)
    -------------------------------------------------------------------------
DATA_Z
  Relative segment, address: DATA 00000022 - 00000025 (0x4 bytes), align: 0
  Segment part 18.            Intra module refs:   clock_init
                                                   clock_isr
           LOCAL                   ADDRESS         
           =====                   =======         
           timer_value             00000022 
    -------------------------------------------------------------------------
DATA_Z
  Relative segment, address: DATA 00000026 - 00000029 (0x4 bytes), align: 0
  Segment part 19.            Intra module refs:   clock_isr
           LOCAL                   ADDRESS         
           =====                   =======         
           sleeptimer              00000026 
    -------------------------------------------------------------------------
DATA_Z
  Relative segment, address: DATA 0000002A - 0000002B (0x2 bytes), align: 0
  Segment part 20.            Intra module refs:   clock_isr
                                                   clock_time
           LOCAL                   ADDRESS         
           =====                   =======         
           count                   0000002A 
    -------------------------------------------------------------------------
DATA_Z
  Relative segment, address: DATA 0000002C - 0000002D (0x2 bytes), align: 0
  Segment part 21.            Intra module refs:   clock_isr
           LOCAL                   ADDRESS         
           =====                   =======         
           seconds                 0000002C 
    -------------------------------------------------------------------------
<BANKED_CODE> 1 (was BANKED_CODE)
  Relative segment, address: CODE 00004419 - 00004432 (0x1a bytes), align: 0
  Segment part 26.            Intra module refs:   clock_delay_usec::?relay
           ENTRY                   ADDRESS         REF BY
           =====                   =======         ======
           clock_delay_usec        00004419 
    -------------------------------------------------------------------------
<BANKED_CODE> 1 (was BANKED_CODE)
  Relative segment, address: CODE 00004433 - 00004464 (0x32 bytes), align: 0
  Segment part 28.            Intra module refs:   clock_wait::?relay
           ENTRY                   ADDRESS         REF BY
           =====                   =======         ======
           clock_wait              00004433 
               calls direct
               XSTACK = 00000000 ( 0000000C )
    -------------------------------------------------------------------------
<BANKED_CODE> 1 (was BANKED_CODE)
  Relative segment, address: CODE 00004465 - 0000446B (0x7 bytes), align: 0
  Segment part 30.            Intra module refs:   clock_time::?relay
           ENTRY                   ADDRESS         REF BY
           =====                   =======         ======
           clock_time              00004465 
               XSTACK = 0000000C ( 00000000 )
    -------------------------------------------------------------------------
<BANKED_CODE> 1 (was BANKED_CODE)
  Relative segment, address: CODE 0000446C - 00004509 (0x9e bytes), align: 0
  Segment part 34.            Intra module refs:   clock_init::?relay
           ENTRY                   ADDRESS         REF BY
           =====                   =======         ======
           clock_init              0000446C 
               XSTACK = 00000000 ( 0000000C )
    -------------------------------------------------------------------------
NEAR_CODE
  Relative segment, address: CODE 00000C48 - 00000DF2 (0x1ab bytes), align: 0
  Segment part 40.            Intra module refs:   clock_isr::??INTVEC 43
           ENTRY                   ADDRESS         REF BY
           =====                   =======         ======
           clock_isr               00000C48 
               interrupt function
               XSTACK = 00000000 ( 00000011 )
    -------------------------------------------------------------------------
INTVEC
  Common segment, address: CODE 00000000 - 0000002D (0x2e bytes), align: 0
  Segment part 10. ROOT.
           ENTRY                   ADDRESS         REF BY
           =====                   =======         ======
           clock_isr::??INTVEC 43
                                   0000002B 
    -------------------------------------------------------------------------
XDATA_I
  Relative segment, address: XDATA 000006C2 - 000006C5 (0x4 bytes), align: 0
  Segment part 22.            Intra module refs:   clock_init
                                                   clock_isr
           ENTRY                   ADDRESS         REF BY
           =====                   =======         ======
           __Constant_100          000006C2 
    -------------------------------------------------------------------------
XDATA_ID
  Relative segment, address: CODE 0000013B - 0000013E (0x4 bytes), align: 0
  Segment part 23.            Intra module refs:   __Constant_100
    -------------------------------------------------------------------------
XDATA_I
  Relative segment, address: XDATA 000006C6 - 000006C9 (0x4 bytes), align: 0
  Segment part 24.            Intra module refs:   clock_isr
           ENTRY                   ADDRESS         REF BY
           =====                   =======         ======
           __Constant_18000        000006C6 
    -------------------------------------------------------------------------
XDATA_ID
  Relative segment, address: CODE 0000013F - 00000142 (0x4 bytes), align: 0
  Segment part 25.            Intra module refs:   __Constant_18000
    -------------------------------------------------------------------------
BANK_RELAYS
  Relative segment, address: CODE 000003F5 - 000003FA (0x6 bytes), align: 0
  Segment part 27.
           ENTRY                   ADDRESS         REF BY
           =====                   =======         ======
           clock_delay_usec::?relay
                                   000003F5        transmit (cc2530-rf)
    -------------------------------------------------------------------------
BANK_RELAYS
  Relative segment, address: CODE 000003FB - 00000400 (0x6 bytes), align: 0
  Segment part 29.
           ENTRY                   ADDRESS         REF BY
           =====                   =======         ======
           clock_wait::?relay      000003FB        buildAndSendFrame (dataformat)
    -------------------------------------------------------------------------
BANK_RELAYS
  Relative segment, address: CODE 00000401 - 00000406 (0x6 bytes), align: 0
  Segment part 31.            Intra module refs:   clock_wait
           ENTRY                   ADDRESS         REF BY
           =====                   =======         ======
           clock_time::?relay      00000401        main (main-coord)
                                                   timer_expired (timer)
                                                   timer_set (timer)
                                                   update_time (etimer)
    -------------------------------------------------------------------------
BANK_RELAYS
  Relative segment, address: CODE 00000407 - 0000040C (0x6 bytes), align: 0
  Segment part 35.
           ENTRY                   ADDRESS         REF BY
           =====                   =======         ======
           clock_init::?relay      00000407        main (main-coord)

    *************************************************************************

  FILE NAME : D:\myWork\myWork\examples\wsn2530dk\myProject\coord\Obj\contikimac.r51
    *************************************************************************

  FILE NAME : D:\myWork\myWork\examples\wsn2530dk\myProject\coord\Obj\coord.r51
  PROGRAM MODULE, NAME : coord

  SEGMENTS IN THE MODULE
  ======================
XDATA_Z
  Relative segment, address: XDATA 00000288 - 00000288 (0x1 bytes), align: 0
  Segment part 18.            Intra module refs:   process_thread_test_send_process
    -------------------------------------------------------------------------
XDATA_Z
  Relative segment, address: XDATA 00000289 - 00000308 (0x80 bytes), align: 0
  Segment part 19.            Intra module refs:   process_thread_test_send_process
                                                   uart_rx_callback
           LOCAL                   ADDRESS         
           =====                   =======         
           serial_rxbuf            00000289 
    -------------------------------------------------------------------------
XDATA_Z
  Relative segment, address: XDATA 00000309 - 0000030A (0x2 bytes), align: 0
  Segment part 20.            Intra module refs:   process_thread_test_send_process
                                                   uart_rx_callback
           LOCAL                   ADDRESS         
           =====                   =======         
           buf_pos                 00000309 
    -------------------------------------------------------------------------
XDATA_Z
  Relative segment, address: XDATA 0000030B - 0000030C (0x2 bytes), align: 0
  Segment part 21.            Intra module refs:   process_thread_test_send_process
                                                   uart_rx_callback
           LOCAL                   ADDRESS         
           =====                   =======         
           buf_len                 0000030B 
    -------------------------------------------------------------------------
XDATA_I
  Relative segment, address: XDATA 000006CA - 000006CC (0x3 bytes), align: 0
  Segment part 6.             Intra module refs:   process_thread_test_send_process
    -------------------------------------------------------------------------
XDATA_I
  Relative segment, address: XDATA 000006CD - 000006DE (0x12 bytes), align: 0
  Segment part 8.             Intra module refs:   process_thread_test_send_process
    -------------------------------------------------------------------------
XDATA_I
  Relative segment, address: XDATA 000006DF - 000006F6 (0x18 bytes), align: 0
  Segment part 10.            Intra module refs:   process_thread_test_send_process
    -------------------------------------------------------------------------
XDATA_I
  Relative segment, address: XDATA 000006F7 - 000006FC (0x6 bytes), align: 0
  Segment part 12.            Intra module refs:   process_thread_test_send_process
    -------------------------------------------------------------------------
XDATA_I
  Relative segment, address: XDATA 000006FD - 0000070E (0x12 bytes), align: 0
  Segment part 14.            Intra module refs:   process_thread_test_send_process
    -------------------------------------------------------------------------
XDATA_I
  Relative segment, address: XDATA 0000070F - 00000721 (0x13 bytes), align: 0
  Segment part 16.            Intra module refs:   process_thread_test_send_process
    -------------------------------------------------------------------------
XDATA_I
  Relative segment, address: XDATA 00000722 - 00000729 (0x8 bytes), align: 0
  Segment part 22.            Intra module refs:   Segment part 27
           ENTRY                   ADDRESS         REF BY
           =====                   =======         ======
           test_receive_process    00000722 
    -------------------------------------------------------------------------
XDATA_I
  Relative segment, address: XDATA 0000072A - 00000731 (0x8 bytes), align: 0
  Segment part 24.            Intra module refs:   Segment part 27
           ENTRY                   ADDRESS         REF BY
           =====                   =======         ======
           test_send_process       0000072A 
    -------------------------------------------------------------------------
XDATA_I
  Relative segment, address: XDATA 00000732 - 00000737 (0x6 bytes), align: 0
  Segment part 26.
           ENTRY                   ADDRESS         REF BY
           =====                   =======         ======
           autostart_processes     00000732        main (main-coord)
    -------------------------------------------------------------------------
<BANKED_CODE> 1 (was BANKED_CODE)
  Relative segment, address: CODE 00003903 - 0000393F (0x3d bytes), align: 0
  Segment part 29.            Intra module refs:   uart_rx_callback::?relay
           ENTRY                   ADDRESS         REF BY
           =====                   =======         ======
           uart_rx_callback        00003903 
               is indirectly called
               ISTACK = 00000000 ( 00000003 )
    -------------------------------------------------------------------------
<BANKED_CODE> 1 (was BANKED_CODE)
  Relative segment, address: CODE 00003940 - 00003AC2 (0x183 bytes), align: 0
  Segment part 31.            Intra module refs:   process_thread_test_send_process::?relay
           LOCAL                   ADDRESS         
           =====                   =======         
           process_thread_test_send_process
                                   00003940 
               calls direct, is indirectly called
               XSTACK = 00000000 ( 0000000C )
    -------------------------------------------------------------------------
XDATA_Z
  Relative segment, address: XDATA 0000030D - 00000314 (0x8 bytes), align: 0
  Segment part 28.            Intra module refs:   process_thread_test_send_process
           LOCAL                   ADDRESS         
           =====                   =======         
           process_thread_test_send_process::et
                                   0000030D 
    -------------------------------------------------------------------------
<BANKED_CODE> 1 (was BANKED_CODE)
  Relative segment, address: CODE 00003AC3 - 00003B1A (0x58 bytes), align: 0
  Segment part 33.            Intra module refs:   process_thread_test_receive_process::?relay
           LOCAL                   ADDRESS         
           =====                   =======         
[...]
    | Stack used          :  000001C4 00000012


  ->Sub-tree of type: Function tree
                             XSTACK   ISTACK
    | Stack used (prev) :  000001C4 00000012
  01  watchdog_init::?relay
      | Stack used (prev) :  000001C4 00000012
      | + function block  :  00000000 00000000
  <-Sub-tree of type: Function tree
    | Stack used          :  000001C4 00000012


  ->Sub-tree of type: Function tree
                             XSTACK   ISTACK
    | Stack used (prev) :  000001C4 00000012
  01  watchdog_start::?relay
      | Stack used (prev) :  000001C4 00000012
      | + function block  :  00000000 00000000
  <-Sub-tree of type: Function tree
    | Stack used          :  000001C4 00000012


  ->Sub-tree of type: Function tree
                             XSTACK   ISTACK
    | Stack used (prev) :  000001C4 00000012
  01  watchdog_periodic::?relay
      | Stack used (prev) :  000001C4 00000012
      | + function block  :  00000000 00000000
  <-Sub-tree of type: Function tree
    | Stack used          :  000001C4 00000012


  ->Sub-tree of type: Function tree
                             XSTACK   ISTACK
    | Stack used (prev) :  000001C4 00000012
  02    exit
        | Stack used (prev) :  000001C4 00000012
        | + function block  :  00000000 00000000
  01  ?cmain
      | Stack used (prev) :  000001C4 00000012
      | + function block  :  00000000 00000000
  <-Sub-tree of type: Function tree
    | Stack used          :  000001C4 00000012


  ->Sub-tree of type: Function tree
                             XSTACK   ISTACK
    | Stack used (prev) :  000001C4 00000012
  02    __low_level_init
        | Stack used (prev) :  000001C4 00000012
        | + function block  :  00000000 00000000
  03      watchdog_periodic
          | Stack used (prev) :  000001C4 00000012
          | + function block  :  00000000 00000000
  03      watchdog_start
          | Stack used (prev) :  000001C4 00000012
          | + function block  :  00000000 00000000
  03      watchdog_init
          | Stack used (prev) :  000001C4 00000012
          | + function block  :  00000000 00000000
  03      uart0_init
          | Stack used (prev) :  000001C4 00000012
          | + function block  :  00000000 00000000
  03      uart0_set_input
          | Stack used (prev) :  0000009B 00000007
          | + function block  :  00000000 00000002
          |  Already listed
  03      soc_init
          | Stack used (prev) :  000001C4 00000012
          | + function block  :  00000000 00000002
  04        ringbuf_init
            | Stack used (prev) :  000001C4 00000012
            | + function block  :  00000000 00000003
  07              process_is_running
                  | Stack used (prev) :  000001C4 00000012
                  | + function block  :  0000000E 00000002
  06            Recursive system consisting of
                 | call_process
                 | exit_process
                | Stack used (prev) :  000001D2 00000014
                | + function block  :  00000033 00000000
  05          process_post_synch
              | Stack used (prev) :  00000205 00000014
              | + function block  :  0000001B 00000000
  04        process_start
            | Stack used (prev) :  00000220 00000014
            | + function block  :  00000012 00000000
  03      serial_line_init
          | Stack used (prev) :  00000232 00000015
          | + function block  :  00000000 00000004
  04        rtimer_arch_init
            | Stack used (prev) :  000001C4 00000012
            | + function block  :  00000000 00000000
  03      rtimer_init
          | Stack used (prev) :  000001C4 00000012
          | + function block  :  00000000 00000004
  03      random_init
          | Stack used (prev) :  000001C4 00000012
          | + function block  :  00000000 00000002
  06            Recursive system consisting of
                 | call_process
                 | exit_process
                | Stack used (prev) :  000001D2 00000014
                | + function block  :  00000033 00000000
                |  Already listed
  05          do_poll
              | Stack used (prev) :  00000205 00000014
              | + function block  :  00000012 00000000
  05          Recursive system consisting of
               | call_process
               | exit_process
              | Stack used (prev) :  000001D2 00000014
              | + function block  :  00000033 00000000
              |  Already listed
  05          Recursive system consisting of
               | call_process
               | exit_process
              | Stack used (prev) :  000001D2 00000014
              | + function block  :  00000033 00000000
              |  Already listed
  04        do_event
            | Stack used (prev) :  00000217 00000014
            | + function block  :  00000000 00000004
  04        do_poll
            | Stack used (prev) :  00000205 00000014
            | + function block  :  00000012 00000000
            |  Already listed
  03      process_run
          | Stack used (prev) :  00000217 00000018
          | + function block  :  00000000 00000004
  03      process_init
          | Stack used (prev) :  000001C4 00000012
          | + function block  :  00000000 00000002
  03      process_start
          | Stack used (prev) :  00000220 00000014
          | + function block  :  00000012 00000000
          |  Already listed
  04        puthex
            | Stack used (prev) :  0000009B 0000000B
            | + function block  :  00000014 00000000
            |  Already listed
  04        putstring
            | Stack used (prev) :  0000009B 0000000B
            | + function block  :  00000000 00000004
            |  Already listed
  04        cc2530_rf_set_addr
            | Stack used (prev) :  000001C4 00000012
            | + function block  :  00000000 00000002
  03      set_rime_addr
          | Stack used (prev) :  000001C4 00000014
          | + function block  :  00000012 00000000
  06            leds_arch_set
                | Stack used (prev) :  000001C4 00000012
                | + function block  :  00000000 00000000
  05          show_leds
              | Stack used (prev) :  000001C4 00000012
              | + function block  :  00000021 00000000
  04        leds_off
            | Stack used (prev) :  000001E5 00000012
            | + function block  :  00000012 00000000
  05          show_leds
              | Stack used (prev) :  000001C4 00000012
              | + function block  :  00000021 00000000
              |  Already listed
  04        leds_on
            | Stack used (prev) :  000001E5 00000012
            | + function block  :  00000012 00000000
  03      fade
          | Stack used (prev) :  000001F7 00000012
          | + function block  :  00000020 00000000
  03      fade
          | Stack used (prev) :  000001F7 00000012
          | + function block  :  00000020 00000000
          |  Already listed
  03      list_init
          | Stack used (prev) :  000001C4 00000012
          | + function block  :  00000000 00000002
  03      leds_off
          | Stack used (prev) :  000001E5 00000012
          | + function block  :  00000012 00000000
          |  Already listed
  04        leds_arch_init
            | Stack used (prev) :  000001C4 00000012
            | + function block  :  00000000 00000000
  03      leds_init
          | Stack used (prev) :  000001C4 00000012
          | + function block  :  00000000 00000004
  04        etimer_pending
            | Stack used (prev) :  000001C4 00000012
            | + function block  :  0000000A 00000002
  03      etimer_next_expiration_time
          | Stack used (prev) :  000001CE 00000014
          | + function block  :  00000014 00000000
  03      etimer_pending
          | Stack used (prev) :  000001C4 00000012
          | + function block  :  0000000A 00000002
          |  Already listed
  03      etimer_request_poll
          | Stack used (prev) :  0000009B 00000007
          | + function block  :  00000012 00000002
          |  Already listed
  03      energest_init
          | Stack used (prev) :  000001C4 00000012
          | + function block  :  00000009 00000000
  03      puthex
          | Stack used (prev) :  0000009B 0000000B
          | + function block  :  00000014 00000000
          |  Already listed
  03      putstring
          | Stack used (prev) :  0000009B 0000000B
          | + function block  :  00000000 00000004
          |  Already listed
  04        rimeaddr_cmp
            | Stack used (prev) :  000000A9 00000007
            | + function block  :  00000018 00000000
            |  Already listed
  04        packetbuf_datalen
            | Stack used (prev) :  0000009B 00000007
            | + function block  :  0000000C 00000002
            |  Already listed
  04        packetbuf_dataptr
            | Stack used (prev) :  0000009B 00000007
            | + function block  :  00000000 00000002
            |  Already listed
  04        packetbuf_set_datalen
            | Stack used (prev) :  000001C4 00000012
            | + function block  :  00000000 00000002
  04        packetbuf_hdrreduce
            | Stack used (prev) :  000001C4 00000012
            | + function block  :  00000000 00000002
  04        packetbuf_clear
            | Stack used (prev) :  000000D1 00000008
            | + function block  :  0000000C 00000004
            |  Already listed
  05          memcpy
              | Stack used (prev) :  0000009B 00000007
              | + function block  :  0000000C 00000001
              |  Already listed
  05          rimeaddr_copy
              | Stack used (prev) :  000000A7 00000008
              | + function block  :  00000018 00000000
              |  Already listed
  04        frame802154_parse
            | Stack used (prev) :  000001C4 00000012
            | + function block  :  0000001C 00000001
  05          memb_alloc
              | Stack used (prev) :  000001C4 00000012
              | + function block  :  0000000A 00000000
  06            list_remove
                | Stack used (prev) :  0000009B 00000007
                | + function block  :  00000015 00000000
                |  Already listed
  06            list_tail
                | Stack used (prev) :  000001C4 00000012
                | + function block  :  0000000C 00000002
  05          list_add
              | Stack used (prev) :  000001D0 00000014
              | + function block  :  00000018 00000000
  04        toInformationList
            | Stack used (prev) :  000001E8 00000014
            | + function block  :  00000056 00000000
  03      sink_incomingPacketProcessing
          | Stack used (prev) :  0000023E 00000014
          | + function block  :  00000084 00000000
  04        process_start
            | Stack used (prev) :  00000220 00000014
            | + function block  :  00000012 00000000
            |  Already listed
  04        list_init
            | Stack used (prev) :  000001C4 00000012
            | + function block  :  00000000 00000002
            |  Already listed
  03      ctimer_init
          | Stack used (prev) :  00000232 00000014
          | + function block  :  00000000 00000004
  03      clock_init
          | Stack used (prev) :  000001C4 00000012
          | + function block  :  0000000C 00000000
  03      clock_time
          | Stack used (prev) :  00000000 00000000
          | + function block  :  0000000C 00000000
          |  Already listed
  04        process_start
            | Stack used (prev) :  00000220 00000014
            | + function block  :  00000012 00000000
            |  Already listed
  03      autostart_start
          | Stack used (prev) :  00000232 00000014
          | + function block  :  00000014 00000000
  02    main
        | Stack used (prev) :  000002C2 0000001C
        | + function block  :  00000000 00000000
  01  ?call_main
      | Stack used (prev) :  000002C2 0000001C
      | + function block  :  00000000 00000000
  <-Sub-tree of type: Function tree
    | Stack used          :  000002C2 0000001C


  ->Sub-tree of type: Function tree
                             XSTACK   ISTACK
    | Stack used (prev) :  000002C2 0000001C
  01  __program_start
      | Stack used (prev) :  000002C2 0000001C
      | + function block  :  00000000 00000000
  <-Sub-tree of type: Function tree
    | Stack used          :  000002C2 0000001C


  ->Sub-tree of type: Function tree
                             XSTACK   ISTACK
    | Stack used (prev) :  000002C2 0000001C
  01  memcmp::?relay
      | Stack used (prev) :  000002C2 0000001C
      | + function block  :  00000000 00000000
  <-Sub-tree of type: Function tree
    | Stack used          :  000002C2 0000001C


  ->Sub-tree of type: Function tree
                             XSTACK   ISTACK
    | Stack used (prev) :  000002C2 0000001C
  01  memcpy::?relay
      | Stack used (prev) :  000002C2 0000001C
      | + function block  :  00000000 00000000
  <-Sub-tree of type: Function tree
    | Stack used          :  000002C2 0000001C


  ->Sub-tree of type: Function tree
                             XSTACK   ISTACK
    | Stack used (prev) :  000002C2 0000001C
  01  memset::?relay
      | Stack used (prev) :  000002C2 0000001C
      | + function block  :  00000000 00000000
  <-Sub-tree of type: Function tree
    | Stack used          :  000002C2 0000001C


  ->Sub-tree of type: Function tree
                             XSTACK   ISTACK
    | Stack used (prev) :  000002C2 0000001C
  01  put_one_char::?relay
      | Stack used (prev) :  000002C2 0000001C
      | + function block  :  00000000 00000000
  <-Sub-tree of type: Function tree
    | Stack used          :  000002C2 0000001C


  ->Sub-tree of type: Function tree
                             XSTACK   ISTACK
    | Stack used (prev) :  000002C2 0000001C
  01  printf::?relay
      | Stack used (prev) :  000002C2 0000001C
      | + function block  :  00000000 00000000
  <-Sub-tree of type: Function tree
    | Stack used          :  000002C2 0000001C


  ->Sub-tree of type: Function tree
                             XSTACK   ISTACK
    | Stack used (prev) :  000002C2 0000001C
  01  strcmp::?relay
      | Stack used (prev) :  000002C2 0000001C
      | + function block  :  00000000 00000000
  <-Sub-tree of type: Function tree
    | Stack used          :  000002C2 0000001C


  ->Sub-tree of type: Function tree
                             XSTACK   ISTACK
    | Stack used (prev) :  000002C2 0000001C
  01  strcpy::?relay
      | Stack used (prev) :  000002C2 0000001C
      | + function block  :  00000000 00000000
  <-Sub-tree of type: Function tree
    | Stack used          :  000002C2 0000001C


  ->Sub-tree of type: Function tree
                             XSTACK   ISTACK
    | Stack used (prev) :  000002C2 0000001C
  01  strncmp::?relay
      | Stack used (prev) :  000002C2 0000001C
      | + function block  :  00000000 00000000
  <-Sub-tree of type: Function tree
    | Stack used          :  000002C2 0000001C


  ->Sub-tree of type: Function tree
                             XSTACK   ISTACK
    | Stack used (prev) :  000002C2 0000001C
  01  _small_write::?relay
      | Stack used (prev) :  000002C2 0000001C
      | + function block  :  00000000 00000000
  <-Sub-tree of type: Function tree
    | Stack used          :  000002C2 0000001C




                ****************************************
                *                                      *
                *      SEGMENTS IN ADDRESS ORDER       *
                *                                      *
                ****************************************


SEGMENT              SPACE    START ADDRESS   END ADDRESS     SIZE  TYPE  ALIGN
=======              =====    =============   ===========     ====  ====  =====
INTVEC               CODE          00000000 - 0000006D          6E   com    0
CSTART               CODE          0000006E - 0000010B          9E   rel    0
DATA_ID              CODE               0000010C                     dse    0
BDATA_ID             CODE               0000010C                     dse    0
BIT_ID               CODE               0000010C                     dse    0
IDATA_ID             CODE               0000010C                     dse    0
PDATA_ID             CODE               0000010C                     dse    0
IXDATA_ID            CODE               0000010C                     dse    0
XDATA_ID             CODE          0000010C - 0000037C         271   rel    0
BANK_RELAYS          CODE          0000037D - 00000682         306   rel    0
RCODE                CODE          00000683 - 00000BAB         529   rel    0
DIFUNCT              CODE               00000BAC                     dse    0
CODE_C               CODE               00000BAC                     dse    0
CODE_N               CODE               00000BAC                     dse    0
NEAR_CODE            CODE          00000BAC - 00000F4B         3A0   rel    0
<BANKED_CODE> 1      CODE          00000F4C - 00004C51        3D06   rel    0
REGISTERS            DATA          00000000 - 00000007           8   rel    0
VREG                 DATA          00000008 - 00000017          10   rel    0
PSP                  DATA               00000018                     dse    0
XSP                  DATA          00000018 - 00000019           2   rel    0
DATA_I               DATA               0000001A                     dse    0
BREG                 BIT        00000020.0  -  00000020.7        8   rel    0
DATA_Z               DATA          00000021 - 0000002D           D   rel    0
SFR_AN               DATA          00000080 - 00000080           1   rel    0
                     DATA          00000086 - 00000089           4 
                     DATA          0000008C - 0000008C           1 
                     DATA          0000008F - 00000090           2 
                     DATA          00000095 - 00000097           3 
                     DATA          0000009A - 0000009A           1 
                     DATA          0000009E - 0000009E           1 
                     DATA          000000A8 - 000000A8           1 
                     DATA          000000AB - 000000AB           1 
                     DATA          000000AF - 000000AF           1 
                     DATA          000000B4 - 000000B4           1 
                     DATA          000000B6 - 000000B6           1 
                     DATA          000000B8 - 000000B8           1 
                     DATA          000000BA - 000000BE           5 
                     DATA          000000C0 - 000000C2           3 
                     DATA          000000C4 - 000000C6           3 
                     DATA          000000C9 - 000000C9           1 
                     DATA          000000D8 - 000000D9           2 
                     DATA          000000DC - 000000DD           2 
                     DATA          000000E1 - 000000E4           4 
                     DATA          000000E6 - 000000E6           1 
                     DATA          000000E8 - 000000E8           1 
                     DATA          000000F1 - 000000F4           4 
                     DATA          000000FD - 000000FE           2 
XSTACK               XDATA         00000001 - 00000280         280   rel    0
XDATA_Z              XDATA         00000281 - 00000692         412   rel    0
XDATA_I              XDATA         00000693 - 00000903         271   rel    0
ISTACK               IDATA         00000040 - 000000FF          C0   rel    0

                ****************************************
                *                                      *
                *        END OF CROSS REFERENCE        *
                *                                      *
                ****************************************

 19 538 bytes of CODE  memory
     39 bytes of DATA  memory (+ 47 absolute )
  2 307 bytes of XDATA memory
    192 bytes of IDATA memory
      8 bits  of BIT   memory

Errors: none
Warnings: none

